// Jest Snapshot v1, https://goo.gl/fbAQLP

exports[`App input - exists 1`] = `
<DocumentFragment>
  <div
    class="App"
  >
    <nav
      class="navbar-light navbar navbar-expand-lg navbar-light"
    >
      <div
        class="container"
      >
        <a
          class="text-white navbar-brand"
          href="#home"
        >
          <b>
            BrandName
          </b>
        </a>
        <button
          aria-controls="responsive-navbar-nav"
          aria-label="Toggle navigation"
          class="navbar-toggler collapsed"
          type="button"
        >
          <span
            class="navbar-toggler-icon"
          />
        </button>
        <div
          class="navbar-collapse collapse"
          id="responsive-navbar-nav"
        >
          <div
            class="me-auto navbar-nav"
          >
            <a
              class="nav-link-custom active-link nav-link"
              data-rr-ui-event-key="#"
              href="#"
              role="button"
              tabindex="0"
            >
              Home
            </a>
            <a
              class="nav-link-custom nav-link"
              data-rr-ui-event-key="#"
              href="#"
              role="button"
              tabindex="0"
            >
              Previsioni
            </a>
            <a
              class="nav-link-custom nav-link"
              data-rr-ui-event-key="#"
              href="#"
              role="button"
              tabindex="0"
            >
              Situazione
            </a>
            <a
              class="nav-link-custom nav-link"
              data-rr-ui-event-key="#"
              href="#"
              role="button"
              tabindex="0"
            >
              Radar
            </a>
            <a
              class="nav-link-custom nav-link"
              data-rr-ui-event-key="#"
              href="#"
              role="button"
              tabindex="0"
            >
              Webcam
            </a>
            <a
              class="nav-link-custom nav-link"
              data-rr-ui-event-key="#"
              href="#"
              role="button"
              tabindex="0"
            >
              Video
            </a>
            <a
              class="nav-link-custom nav-link"
              data-rr-ui-event-key="#"
              href="#"
              role="button"
              tabindex="0"
            >
              News
            </a>
            <a
              class="nav-link-custom nav-link"
              data-rr-ui-event-key="#"
              href="#"
              role="button"
              tabindex="0"
            >
              Viabilità
            </a>
          </div>
          <div
            class="navbar-nav"
          >
            <a
              class="nav-link-custom nav-link"
              data-rr-ui-event-key="#"
              href="#"
              role="button"
              tabindex="0"
            >
              Business
            </a>
            <a
              class="nav-link-custom nav-link"
              data-rr-ui-event-key="2"
              href="#"
              role="button"
              tabindex="0"
            >
              Contatti
            </a>
          </div>
        </div>
      </div>
    </nav>
    <button
      data-testid="button-test"
    >
      cliccami
    </button>
    <div
      class="m-0 w-100 mt-3 row"
    >
      <div
        class="form-col col-md-6"
      >
        <div
          class="d-flex"
        >
          <form>
            <div
              class="form-container"
            >
              <input
                class="cityInput"
                placeholder="Inserisci la città..."
                type="text"
                value=""
              />
              <button
                class="btn btn-submit"
                disabled=""
                type="submit"
              >
                Cerca
              </button>
            </div>
          </form>
        </div>
      </div>
      <div
        class="col-md-6"
      >
        <div
          class="degree-select-container"
        >
          <select
            class="degree-select form-select"
          >
            <option>
              Celsius
            </option>
            <option>
              Farenheit
            </option>
          </select>
        </div>
      </div>
    </div>
    <div
      class="active-result-container"
    >
      <div
        class="m-0 w-100 row"
      >
        <div
          class="col-lg-6 col-md-6 col-sm-12 col-12"
        >
          <div
            class="main-container"
          />
        </div>
        <div
          class="col-lg-6 col-md-6 col-sm-12 col-12"
        >
          <div
            class="main-container responsive-item"
          />
        </div>
      </div>
    </div>
    <footer>
      <div
        class="w-100 mt-3 footer-containter"
      >
        <div
          class="w-100 m-0 row"
        >
          <div
            class="col"
          >
            <div
              class="footer-links-container text-center"
            >
              <b
                class="footer-link-title"
              >
                Link utili
              </b>
              <div
                class="mt-3"
              >
                <a
                  class="footer-link"
                  href="#"
                >
                  Home
                </a>
              </div>
              <div>
                <a
                  class="footer-link"
                  href="#"
                >
                  Previsioni
                </a>
              </div>
              <div>
                <a
                  class="footer-link"
                  href="#"
                >
                  Situazione
                </a>
              </div>
              <div />
            </div>
          </div>
          <div
            class="col"
          >
            <div
              class="footer-links-container text-center"
            >
              <b
                class="footer-link-title"
              >
                Novità
              </b>
              <div
                class="mt-3"
              >
                <a
                  class="footer-link"
                  href="#"
                >
                  Webcam
                </a>
              </div>
              <div>
                <a
                  class="footer-link"
                  href="#"
                >
                  News
                </a>
              </div>
              <div>
                <a
                  class="footer-link"
                  href="#"
                >
                  Viabilità
                </a>
              </div>
            </div>
          </div>
          <div
            class="col"
          >
            <div
              class="footer-links-container text-center"
            >
              <b
                class="footer-link-title"
              >
                Contatti
              </b>
              <div
                class="mt-3"
              >
                <a
                  class="footer-link"
                  href="#"
                >
                  Contatti
                </a>
              </div>
              <div>
                <a
                  class="footer-link"
                  href="#"
                >
                  Business
                </a>
              </div>
              <div>
                <a
                  class="footer-link"
                  href="#"
                >
                  Lavora con noi
                </a>
              </div>
            </div>
          </div>
        </div>
        <div
          class="registered-mark"
        >
          © 2024 Copyright: Brandname.com
        </div>
      </div>
    </footer>
  </div>
</DocumentFragment>
`;
